

  _______________________________________________
